Timeout exception event
https://doi.org/10.1101/251280 

5

